#
# There is insufficient memory for the Java Runtime Environment to continue.
# Native memory allocation (malloc) failed to allocate 1589976 bytes. Error detail: Chunk::new
# Possible reasons:
#   The system is out of physical RAM or swap space
#   This process is running with CompressedOops enabled, and the Java Heap may be blocking the growth of the native heap
# Possible solutions:
#   Reduce memory load on the system
#   Increase physical memory or swap space
#   Check if swap backing store is full
#   Decrease Java heap size (-Xmx/-Xms)
#   Decrease number of Java threads
#   Decrease Java thread stack sizes (-Xss)
#   Set larger code cache with -XX:ReservedCodeCacheSize=
#   JVM is running with Unscaled Compressed Oops mode in which the Java heap is
#     placed in the first 4GB address space. The Java Heap base address is the
#     maximum limit for the native heap growth. Please use -XX:HeapBaseMinAddress
#     to set the Java Heap base and to place the Java Heap above 4GB virtual address.
# This output file may be truncated or incomplete.
#
#  Out of Memory Error (arena.cpp:186), pid=16648, tid=932
#
# JRE version: OpenJDK Runtime Environment JBR-25.0.4+1-508.27-nomod (25.0.4+1) (build 25.0.4+1-b508.27)
# Java VM: OpenJDK 64-Bit Server VM JBR-25.0.4+1-508.27-nomod (25.0.4+1-b508.27, mixed mode, tiered, compressed oops, compressed class ptrs, g1 gc, windows-amd64)
# No core dump will be written. Minidumps are not enabled by default on client versions of Windows
#

---------------  S U M M A R Y ------------

Command Line: git4idea.http.GitAskPassApp Username for 'https://github.com': 

Host: 11th Gen Intel(R) Core(TM) i7-11370H @ 3.30GHz, 8 cores, 7G,  Windows 11 , 64 bit Build 26100 (10.0.26100.9168)
Time: Mon Oct  5 22:51:25 2026 Afr. centrale Ouest elapsed time: 0.244891 seconds (0d 0h 0m 0s)

---------------  T H R E A D  ---------------

Current thread (0x000002054cf74570):  JavaThread "C2 CompilerThread0" daemon [_thread_in_native, id=932, stack(0x00000014f3700000,0x00000014f3800000) (1024K)]


Current CompileTask:
C2:244  290       4       java.lang.StringLatin1::toUpperCase (219 bytes)

Stack: [0x00000014f3700000,0x00000014f3800000]
Native frames: (J=compiled Java code, j=interpreted, Vv=VM code, C=native code)
V  [jvm.dll+0x7c3f79]  (no source info available)
V  [jvm.dll+0x78d34d]  (no source info available)
V  [jvm.dll+0xa14d4c]  (no source info available)
V  [jvm.dll+0xa1754c]  (no source info available)
V  [jvm.dll+0xa17c43]  (no source info available)
V  [jvm.dll+0x308ae6]  (no source info available)
V  [jvm.dll+0x114f66]  (no source info available)
V  [jvm.dll+0x115296]  (no source info available)
V  [jvm.dll+0x1a9a24]  (no source info available)
V  [jvm.dll+0x3c27f2]  (no source info available)
V  [jvm.dll+0x7c98e8]  (no source info available)
V  [jvm.dll+0x2ca8b7]  (no source info available)
V  [jvm.dll+0x2c982e]  (no source info available)
V  [jvm.dll+0x240e70]  (no source info available)
V  [jvm.dll+0x2d98b4]  (no source info available)
V  [jvm.dll+0x2d7adb]  (no source info available)
V  [jvm.dll+0x49f685]  (no source info available)
V  [jvm.dll+0x9b47fd]  (no source info available)
V  [jvm.dll+0x7c2465]  (no source info available)
C  [ucrtbase.dll+0x2cd30]  (no source info available)
C  [KERNEL32.DLL+0x2ccb7]  (no source info available)
C  [ntdll.dll+0xaad6c]  (no source info available)

Lock stack of current Java thread (top to bottom):


---------------  P R O C E S S  ---------------

Threads class SMR info:
_java_thread_list=0x000002054d233ca0, length=11, elements={
0x0000020532bdf840, 0x000002054cf54f70, 0x000002054cf56790, 0x000002054d0f0080,
0x000002054d0fff30, 0x000002054d0f44d0, 0x000002054cf6cb90, 0x000002054cf722d0,
0x000002054cf74570, 0x000002054cf77d00, 0x000002054d2510e0
}

Java Threads: ( => current thread )
  0x0000020532bdf840 JavaThread "main"                              [_thread_in_vm, id=10088, stack(0x00000014f2800000,0x00000014f2900000) (1024K)]
  0x000002054cf54f70 JavaThread "Common-Cleaner"             daemon [_thread_blocked, id=18880, stack(0x00000014f3000000,0x00000014f3100000) (1024K)]
  0x000002054cf56790 JavaThread "Reference Handler"          daemon [_thread_blocked, id=17532, stack(0x00000014f3100000,0x00000014f3200000) (1024K)]
  0x000002054d0f0080 JavaThread "Finalizer"                  daemon [_thread_blocked, id=17764, stack(0x00000014f3200000,0x00000014f3300000) (1024K)]
  0x000002054d0fff30 JavaThread "Signal Dispatcher"          daemon [_thread_blocked, id=348, stack(0x00000014f3300000,0x00000014f3400000) (1024K)]
  0x000002054d0f44d0 JavaThread "Attach Listener"            daemon [_thread_blocked, id=23568, stack(0x00000014f3400000,0x00000014f3500000) (1024K)]
  0x000002054cf6cb90 JavaThread "Service Thread"             daemon [_thread_blocked, id=12364, stack(0x00000014f3500000,0x00000014f3600000) (1024K)]
  0x000002054cf722d0 JavaThread "Monitor Deflation Thread"   daemon [_thread_blocked, id=22304, stack(0x00000014f3600000,0x00000014f3700000) (1024K)]
=>0x000002054cf74570 JavaThread "C2 CompilerThread0"         daemon [_thread_in_native, id=932, stack(0x00000014f3700000,0x00000014f3800000) (1024K)]
  0x000002054cf77d00 JavaThread "C1 CompilerThread0"         daemon [_thread_in_native, id=20756, stack(0x00000014f3800000,0x00000014f3900000) (1024K)]
  0x000002054d2510e0 JavaThread "Notification Thread"        daemon [_thread_blocked, id=18028, stack(0x00000014f3900000,0x00000014f3a00000) (1024K)]
Total: 11

Other Threads:
  0x000002054cf13be0 VMThread "VM Thread"                           [id=21468, stack(0x00000014f2f00000,0x00000014f3000000) (1024K)]
  0x000002054cee96f0 WatcherThread "VM Periodic Task Thread"        [id=25252, stack(0x00000014f2e00000,0x00000014f2f00000) (1024K)]
  0x0000020532f2ceb0 WorkerThread "GC Thread#0"                     [id=4260, stack(0x00000014f2900000,0x00000014f2a00000) (1024K)]
  0x0000020532f47f60 ConcurrentGCThread "G1 Main Marker"            [id=4504, stack(0x00000014f2a00000,0x00000014f2b00000) (1024K)]
  0x0000020532f4a000 WorkerThread "G1 Conc#0"                       [id=19024, stack(0x00000014f2b00000,0x00000014f2c00000) (1024K)]
  0x000002054cdba4f0 ConcurrentGCThread "G1 Refine#0"               [id=22516, stack(0x00000014f2c00000,0x00000014f2d00000) (1024K)]
  0x000002054cdbadb0 ConcurrentGCThread "G1 Service"                [id=16936, stack(0x00000014f2d00000,0x00000014f2e00000) (1024K)]
Total: 7

Threads with active compile tasks:
C2 CompilerThread0  309  290       4       java.lang.StringLatin1::toUpperCase (219 bytes)
C1 CompilerThread0  309  478       3       jdk.internal.classfile.impl.StackMapGenerator::processBlock (2767 bytes)
Total: 2

VM state: not at safepoint (normal execution)

VM Mutex/Monitor currently owned by a thread: None

Heap address: 0x0000000084c00000, size: 1972 MB, Compressed Oops mode: 32-bit

CDS archive(s) not mapped
Compressed class space mapped at: 0x0000000014000000-0x0000000054000000, reserved size: 1073741824
UseCompressedClassPointers 1, UseCompactObjectHeaders 0
Narrow klass pointer bits 32, Max shift 3
Narrow klass base: 0x0000000000000000, Narrow klass shift: 0
Encoding Range: [0x0000000000000000 - 0x0000000100000000), (4294967296 bytes)
Klass Range:    [0x0000000014000000 - 0x0000000054000000), (1073741824 bytes)
Klass ID Range:  [335544320 - 1409286137) (1073741817)
No protection zone.

GC Precious Log:
 CardTable entry size: 512
 Card Set container configuration: InlinePtr #cards 5 size 8 Array Of Cards #cards 10 size 36 Howl #buckets 4 coarsen threshold 1843 Howl Bitmap #cards 512 size 80 coarsen threshold 460 Card regions per heap region 1 cards per card region 2048
 CPUs: 8 total, 8 available
 Memory: 7883M
 Large Page Support: Disabled
 NUMA Support: Disabled
 Compressed Oops: Enabled (32-bit)
 Heap Region Size: 1M
 Heap Min Capacity: 8M
 Heap Initial Capacity: 124M
 Heap Max Capacity: 1972M
 Pre-touch: Disabled
 Parallel Workers: 8
 Concurrent Workers: 2
 Concurrent Refinement Workers: 8
 Periodic GC: Disabled

Heap:
 garbage-first heap   total reserved 2019328K, committed 126976K, used 5120K [0x0000000084c00000, 0x0000000100000000)
  region size 1024K, 6 young (6144K), 0 survivors (0K)

Heap Regions: E=young(eden), S=young(survivor), O=old, HS=humongous(starts), HC=humongous(continues), CS=collection set, F=free, TAMS=top-at-mark-start, PB=parsable bottom
|   0|0x0000000084c00000, 0x0000000084c00000, 0x0000000084d00000|  0%| F|  |TAMS 0x0000000084c00000| PB 0x0000000084c00000| Untracked |  0
|   1|0x0000000084d00000, 0x0000000084d00000, 0x0000000084e00000|  0%| F|  |TAMS 0x0000000084d00000| PB 0x0000000084d00000| Untracked |  0
|   2|0x0000000084e00000, 0x0000000084e00000, 0x0000000084f00000|  0%| F|  |TAMS 0x0000000084e00000| PB 0x0000000084e00000| Untracked |  0
|   3|0x0000000084f00000, 0x0000000084f00000, 0x0000000085000000|  0%| F|  |TAMS 0x0000000084f00000| PB 0x0000000084f00000| Untracked |  0
|   4|0x0000000085000000, 0x0000000085000000, 0x0000000085100000|  0%| F|  |TAMS 0x0000000085000000| PB 0x0000000085000000| Untracked |  0
|   5|0x0000000085100000, 0x0000000085100000, 0x0000000085200000|  0%| F|  |TAMS 0x0000000085100000| PB 0x0000000085100000| Untracked |  0
|   6|0x0000000085200000, 0x0000000085200000, 0x0000000085300000|  0%| F|  |TAMS 0x0000000085200000| PB 0x0000000085200000| Untracked |  0
|   7|0x0000000085300000, 0x0000000085300000, 0x0000000085400000|  0%| F|  |TAMS 0x0000000085300000| PB 0x0000000085300000| Untracked |  0
|   8|0x0000000085400000, 0x0000000085400000, 0x0000000085500000|  0%| F|  |TAMS 0x0000000085400000| PB 0x0000000085400000| Untracked |  0
|   9|0x0000000085500000, 0x0000000085500000, 0x0000000085600000|  0%| F|  |TAMS 0x0000000085500000| PB 0x0000000085500000| Untracked |  0
|  10|0x0000000085600000, 0x0000000085600000, 0x0000000085700000|  0%| F|  |TAMS 0x0000000085600000| PB 0x0000000085600000| Untracked |  0
|  11|0x0000000085700000, 0x0000000085700000, 0x0000000085800000|  0%| F|  |TAMS 0x0000000085700000| PB 0x0000000085700000| Untracked |  0
|  12|0x0000000085800000, 0x0000000085800000, 0x0000000085900000|  0%| F|  |TAMS 0x0000000085800000| PB 0x0000000085800000| Untracked |  0
|  13|0x0000000085900000, 0x0000000085900000, 0x0000000085a00000|  0%| F|  |TAMS 0x0000000085900000| PB 0x0000000085900000| Untracked |  0
|  14|0x0000000085a00000, 0x0000000085a00000, 0x0000000085b00000|  0%| F|  |TAMS 0x0000000085a00000| PB 0x0000000085a00000| Untracked |  0
|  15|0x0000000085b00000, 0x0000000085b00000, 0x0000000085c00000|  0%| F|  |TAMS 0x0000000085b00000| PB 0x0000000085b00000| Untracked |  0
|  16|0x0000000085c00000, 0x0000000085c00000, 0x0000000085d00000|  0%| F|  |TAMS 0x0000000085c00000| PB 0x0000000085c00000| Untracked |  0
|  17|0x0000000085d00000, 0x0000000085d00000, 0x0000000085e00000|  0%| F|  |TAMS 0x0000000085d00000| PB 0x0000000085d00000| Untracked |  0
|  18|0x0000000085e00000, 0x0000000085e00000, 0x0000000085f00000|  0%| F|  |TAMS 0x0000000085e00000| PB 0x0000000085e00000| Untracked |  0
|  19|0x0000000085f00000, 0x0000000085f00000, 0x0000000086000000|  0%| F|  |TAMS 0x0000000085f00000| PB 0x0000000085f00000| Untracked |  0
|  20|0x0000000086000000, 0x0000000086000000, 0x0000000086100000|  0%| F|  |TAMS 0x0000000086000000| PB 0x0000000086000000| Untracked |  0
|  21|0x0000000086100000, 0x0000000086100000, 0x0000000086200000|  0%| F|  |TAMS 0x0000000086100000| PB 0x0000000086100000| Untracked |  0
|  22|0x0000000086200000, 0x0000000086200000, 0x0000000086300000|  0%| F|  |TAMS 0x0000000086200000| PB 0x0000000086200000| Untracked |  0
|  23|0x0000000086300000, 0x0000000086300000, 0x0000000086400000|  0%| F|  |TAMS 0x0000000086300000| PB 0x0000000086300000| Untracked |  0
|  24|0x0000000086400000, 0x0000000086400000, 0x0000000086500000|  0%| F|  |TAMS 0x0000000086400000| PB 0x0000000086400000| Untracked |  0
|  25|0x0000000086500000, 0x0000000086500000, 0x0000000086600000|  0%| F|  |TAMS 0x0000000086500000| PB 0x0000000086500000| Untracked |  0
|  26|0x0000000086600000, 0x0000000086600000, 0x0000000086700000|  0%| F|  |TAMS 0x0000000086600000| PB 0x0000000086600000| Untracked |  0
|  27|0x0000000086700000, 0x0000000086700000, 0x0000000086800000|  0%| F|  |TAMS 0x0000000086700000| PB 0x0000000086700000| Untracked |  0
|  28|0x0000000086800000, 0x0000000086800000, 0x0000000086900000|  0%| F|  |TAMS 0x0000000086800000| PB 0x0000000086800000| Untracked |  0
|  29|0x0000000086900000, 0x0000000086900000, 0x0000000086a00000|  0%| F|  |TAMS 0x0000000086900000| PB 0x0000000086900000| Untracked |  0
|  30|0x0000000086a00000, 0x0000000086a00000, 0x0000000086b00000|  0%| F|  |TAMS 0x0000000086a00000| PB 0x0000000086a00000| Untracked |  0
|  31|0x0000000086b00000, 0x0000000086b00000, 0x0000000086c00000|  0%| F|  |TAMS 0x0000000086b00000| PB 0x0000000086b00000| Untracked |  0
|  32|0x0000000086c00000, 0x0000000086c00000, 0x0000000086d00000|  0%| F|  |TAMS 0x0000000086c00000| PB 0x0000000086c00000| Untracked |  0
|  33|0x0000000086d00000, 0x0000000086d00000, 0x0000000086e00000|  0%| F|  |TAMS 0x0000000086d00000| PB 0x0000000086d00000| Untracked |  0
|  34|0x0000000086e00000, 0x0000000086e00000, 0x0000000086f00000|  0%| F|  |TAMS 0x0000000086e00000| PB 0x0000000086e00000| Untracked |  0
|  35|0x0000000086f00000, 0x0000000086f00000, 0x0000000087000000|  0%| F|  |TAMS 0x0000000086f00000| PB 0x0000000086f00000| Untracked |  0
|  36|0x0000000087000000, 0x0000000087000000, 0x0000000087100000|  0%| F|  |TAMS 0x0000000087000000| PB 0x0000000087000000| Untracked |  0
|  37|0x0000000087100000, 0x0000000087100000, 0x0000000087200000|  0%| F|  |TAMS 0x0000000087100000| PB 0x0000000087100000| Untracked |  0
|  38|0x0000000087200000, 0x0000000087200000, 0x0000000087300000|  0%| F|  |TAMS 0x0000000087200000| PB 0x0000000087200000| Untracked |  0
|  39|0x0000000087300000, 0x0000000087300000, 0x0000000087400000|  0%| F|  |TAMS 0x0000000087300000| PB 0x0000000087300000| Untracked |  0
|  40|0x0000000087400000, 0x0000000087400000, 0x0000000087500000|  0%| F|  |TAMS 0x0000000087400000| PB 0x0000000087400000| Untracked |  0
|  41|0x0000000087500000, 0x0000000087500000, 0x0000000087600000|  0%| F|  |TAMS 0x0000000087500000| PB 0x0000000087500000| Untracked |  0
|  42|0x0000000087600000, 0x0000000087600000, 0x0000000087700000|  0%| F|  |TAMS 0x0000000087600000| PB 0x0000000087600000| Untracked |  0
|  43|0x0000000087700000, 0x0000000087700000, 0x0000000087800000|  0%| F|  |TAMS 0x0000000087700000| PB 0x0000000087700000| Untracked |  0
|  44|0x0000000087800000, 0x0000000087800000, 0x0000000087900000|  0%| F|  |TAMS 0x0000000087800000| PB 0x0000000087800000| Untracked |  0
|  45|0x0000000087900000, 0x0000000087900000, 0x0000000087a00000|  0%| F|  |TAMS 0x0000000087900000| PB 0x0000000087900000| Untracked |  0
|  46|0x0000000087a00000, 0x0000000087a00000, 0x0000000087b00000|  0%| F|  |TAMS 0x0000000087a00000| PB 0x0000000087a00000| Untracked |  0
|  47|0x0000000087b00000, 0x0000000087b00000, 0x0000000087c00000|  0%| F|  |TAMS 0x0000000087b00000| PB 0x0000000087b00000| Untracked |  0
|  48|0x0000000087c00000, 0x0000000087c00000, 0x0000000087d00000|  0%| F|  |TAMS 0x0000000087c00000| PB 0x0000000087c00000| Untracked |  0
|  49|0x0000000087d00000, 0x0000000087d00000, 0x0000000087e00000|  0%| F|  |TAMS 0x0000000087d00000| PB 0x0000000087d00000| Untracked |  0
|  50|0x0000000087e00000, 0x0000000087e00000, 0x0000000087f00000|  0%| F|  |TAMS 0x0000000087e00000| PB 0x0000000087e00000| Untracked |  0
|  51|0x0000000087f00000, 0x0000000087f00000, 0x0000000088000000|  0%| F|  |TAMS 0x0000000087f00000| PB 0x0000000087f00000| Untracked |  0
|  52|0x0000000088000000, 0x0000000088000000, 0x0000000088100000|  0%| F|  |TAMS 0x0000000088000000| PB 0x0000000088000000| Untracked |  0
|  53|0x0000000088100000, 0x0000000088100000, 0x0000000088200000|  0%| F|  |TAMS 0x0000000088100000| PB 0x0000000088100000| Untracked |  0
|  54|0x0000000088200000, 0x0000000088200000, 0x0000000088300000|  0%| F|  |TAMS 0x0000000088200000| PB 0x0000000088200000| Untracked |  0
|  55|0x0000000088300000, 0x0000000088300000, 0x0000000088400000|  0%| F|  |TAMS 0x0000000088300000| PB 0x0000000088300000| Untracked |  0
|  56|0x0000000088400000, 0x0000000088400000, 0x0000000088500000|  0%| F|  |TAMS 0x0000000088400000| PB 0x0000000088400000| Untracked |  0
|  57|0x0000000088500000, 0x0000000088500000, 0x0000000088600000|  0%| F|  |TAMS 0x0000000088500000| PB 0x0000000088500000| Untracked |  0
|  58|0x0000000088600000, 0x0000000088600000, 0x0000000088700000|  0%| F|  |TAMS 0x0000000088600000| PB 0x0000000088600000| Untracked |  0
|  59|0x0000000088700000, 0x0000000088700000, 0x0000000088800000|  0%| F|  |TAMS 0x0000000088700000| PB 0x0000000088700000| Untracked |  0
|  60|0x0000000088800000, 0x0000000088800000, 0x0000000088900000|  0%| F|  |TAMS 0x0000000088800000| PB 0x0000000088800000| Untracked |  0
|  61|0x0000000088900000, 0x0000000088900000, 0x0000000088a00000|  0%| F|  |TAMS 0x0000000088900000| PB 0x0000000088900000| Untracked |  0
|  62|0x0000000088a00000, 0x0000000088a00000, 0x0000000088b00000|  0%| F|  |TAMS 0x0000000088a00000| PB 0x0000000088a00000| Untracked |  0
|  63|0x0000000088b00000, 0x0000000088b00000, 0x0000000088c00000|  0%| F|  |TAMS 0x0000000088b00000| PB 0x0000000088b00000| Untracked |  0
|  64|0x0000000088c00000, 0x0000000088c00000, 0x0000000088d00000|  0%| F|  |TAMS 0x0000000088c00000| PB 0x0000000088c00000| Untracked |  0
|  65|0x0000000088d00000, 0x0000000088d00000, 0x0000000088e00000|  0%| F|  |TAMS 0x0000000088d00000| PB 0x0000000088d00000| Untracked |  0
|  66|0x0000000088e00000, 0x0000000088e00000, 0x0000000088f00000|  0%| F|  |TAMS 0x0000000088e00000| PB 0x0000000088e00000| Untracked |  0
|  67|0x0000000088f00000, 0x0000000088f00000, 0x0000000089000000|  0%| F|  |TAMS 0x0000000088f00000| PB 0x0000000088f00000| Untracked |  0
|  68|0x0000000089000000, 0x0000000089000000, 0x0000000089100000|  0%| F|  |TAMS 0x0000000089000000| PB 0x0000000089000000| Untracked |  0
|  69|0x0000000089100000, 0x0000000089100000, 0x0000000089200000|  0%| F|  |TAMS 0x0000000089100000| PB 0x0000000089100000| Untracked |  0
|  70|0x0000000089200000, 0x0000000089200000, 0x0000000089300000|  0%| F|  |TAMS 0x0000000089200000| PB 0x0000000089200000| Untracked |  0
|  71|0x0000000089300000, 0x0000000089300000, 0x0000000089400000|  0%| F|  |TAMS 0x0000000089300000| PB 0x0000000089300000| Untracked |  0
|  72|0x0000000089400000, 0x0000000089400000, 0x0000000089500000|  0%| F|  |TAMS 0x0000000089400000| PB 0x0000000089400000| Untracked |  0
|  73|0x0000000089500000, 0x0000000089500000, 0x0000000089600000|  0%| F|  |TAMS 0x0000000089500000| PB 0x0000000089500000| Untracked |  0
|  74|0x0000000089600000, 0x0000000089600000, 0x0000000089700000|  0%| F|  |TAMS 0x0000000089600000| PB 0x0000000089600000| Untracked |  0
|  75|0x0000000089700000, 0x0000000089700000, 0x0000000089800000|  0%| F|  |TAMS 0x0000000089700000| PB 0x0000000089700000| Untracked |  0
|  76|0x0000000089800000, 0x0000000089800000, 0x0000000089900000|  0%| F|  |TAMS 0x0000000089800000| PB 0x0000000089800000| Untracked |  0
|  77|0x0000000089900000, 0x0000000089900000, 0x0000000089a00000|  0%| F|  |TAMS 0x0000000089900000| PB 0x0000000089900000| Untracked |  0
|  78|0x0000000089a00000, 0x0000000089a00000, 0x0000000089b00000|  0%| F|  |TAMS 0x0000000089a00000| PB 0x0000000089a00000| Untracked |  0
|  79|0x0000000089b00000, 0x0000000089b00000, 0x0000000089c00000|  0%| F|  |TAMS 0x0000000089b00000| PB 0x0000000089b00000| Untracked |  0
|  80|0x0000000089c00000, 0x0000000089c00000, 0x0000000089d00000|  0%| F|  |TAMS 0x0000000089c00000| PB 0x0000000089c00000| Untracked |  0
|  81|0x0000000089d00000, 0x0000000089d00000, 0x0000000089e00000|  0%| F|  |TAMS 0x0000000089d00000| PB 0x0000000089d00000| Untracked |  0
|  82|0x0000000089e00000, 0x0000000089e00000, 0x0000000089f00000|  0%| F|  |TAMS 0x0000000089e00000| PB 0x0000000089e00000| Untracked |  0
|  83|0x0000000089f00000, 0x0000000089f00000, 0x000000008a000000|  0%| F|  |TAMS 0x0000000089f00000| PB 0x0000000089f00000| Untracked |  0
|  84|0x000000008a000000, 0x000000008a000000, 0x000000008a100000|  0%| F|  |TAMS 0x000000008a000000| PB 0x000000008a000000| Untracked |  0
|  85|0x000000008a100000, 0x000000008a100000, 0x000000008a200000|  0%| F|  |TAMS 0x000000008a100000| PB 0x000000008a100000| Untracked |  0
|  86|0x000000008a200000, 0x000000008a200000, 0x000000008a300000|  0%| F|  |TAMS 0x000000008a200000| PB 0x000000008a200000| Untracked |  0
|  87|0x000000008a300000, 0x000000008a300000, 0x000000008a400000|  0%| F|  |TAMS 0x000000008a300000| PB 0x000000008a300000| Untracked |  0
|  88|0x000000008a400000, 0x000000008a400000, 0x000000008a500000|  0%| F|  |TAMS 0x000000008a400000| PB 0x000000008a400000| Untracked |  0
|  89|0x000000008a500000, 0x000000008a500000, 0x000000008a600000|  0%| F|  |TAMS 0x000000008a500000| PB 0x000000008a500000| Untracked |  0
|  90|0x000000008a600000, 0x000000008a600000, 0x000000008a700000|  0%| F|  |TAMS 0x000000008a600000| PB 0x000000008a600000| Untracked |  0
|  91|0x000000008a700000, 0x000000008a700000, 0x000000008a800000|  0%| F|  |TAMS 0x000000008a700000| PB 0x000000008a700000| Untracked |  0
|  92|0x000000008a800000, 0x000000008a800000, 0x000000008a900000|  0%| F|  |TAMS 0x000000008a800000| PB 0x000000008a800000| Untracked |  0
|  93|0x000000008a900000, 0x000000008a900000, 0x000000008aa00000|  0%| F|  |TAMS 0x000000008a900000| PB 0x000000008a900000| Untracked |  0
|  94|0x000000008aa00000, 0x000000008aa00000, 0x000000008ab00000|  0%| F|  |TAMS 0x000000008aa00000| PB 0x000000008aa00000| Untracked |  0
|  95|0x000000008ab00000, 0x000000008ab00000, 0x000000008ac00000|  0%| F|  |TAMS 0x000000008ab00000| PB 0x000000008ab00000| Untracked |  0
|  96|0x000000008ac00000, 0x000000008ac00000, 0x000000008ad00000|  0%| F|  |TAMS 0x000000008ac00000| PB 0x000000008ac00000| Untracked |  0
|  97|0x000000008ad00000, 0x000000008ad00000, 0x000000008ae00000|  0%| F|  |TAMS 0x000000008ad00000| PB 0x000000008ad00000| Untracked |  0
|  98|0x000000008ae00000, 0x000000008ae00000, 0x000000008af00000|  0%| F|  |TAMS 0x000000008ae00000| PB 0x000000008ae00000| Untracked |  0
|  99|0x000000008af00000, 0x000000008af00000, 0x000000008b000000|  0%| F|  |TAMS 0x000000008af00000| PB 0x000000008af00000| Untracked |  0
| 100|0x000000008b000000, 0x000000008b000000, 0x000000008b100000|  0%| F|  |TAMS 0x000000008b000000| PB 0x000000008b000000| Untracked |  0
| 101|0x000000008b100000, 0x000000008b100000, 0x000000008b200000|  0%| F|  |TAMS 0x000000008b100000| PB 0x000000008b100000| Untracked |  0
| 102|0x000000008b200000, 0x000000008b200000, 0x000000008b300000|  0%| F|  |TAMS 0x000000008b200000| PB 0x000000008b200000| Untracked |  0
| 103|0x000000008b300000, 0x000000008b300000, 0x000000008b400000|  0%| F|  |TAMS 0x000000008b300000| PB 0x000000008b300000| Untracked |  0
| 104|0x000000008b400000, 0x000000008b400000, 0x000000008b500000|  0%| F|  |TAMS 0x000000008b400000| PB 0x000000008b400000| Untracked |  0
| 105|0x000000008b500000, 0x000000008b500000, 0x000000008b600000|  0%| F|  |TAMS 0x000000008b500000| PB 0x000000008b500000| Untracked |  0
| 106|0x000000008b600000, 0x000000008b600000, 0x000000008b700000|  0%| F|  |TAMS 0x000000008b600000| PB 0x000000008b600000| Untracked |  0
| 107|0x000000008b700000, 0x000000008b700000, 0x000000008b800000|  0%| F|  |TAMS 0x000000008b700000| PB 0x000000008b700000| Untracked |  0
| 108|0x000000008b800000, 0x000000008b800000, 0x000000008b900000|  0%| F|  |TAMS 0x000000008b800000| PB 0x000000008b800000| Untracked |  0
| 109|0x000000008b900000, 0x000000008b900000, 0x000000008ba00000|  0%| F|  |TAMS 0x000000008b900000| PB 0x000000008b900000| Untracked |  0
| 110|0x000000008ba00000, 0x000000008ba00000, 0x000000008bb00000|  0%| F|  |TAMS 0x000000008ba00000| PB 0x000000008ba00000| Untracked |  0
| 111|0x000000008bb00000, 0x000000008bb00000, 0x000000008bc00000|  0%| F|  |TAMS 0x000000008bb00000| PB 0x000000008bb00000| Untracked |  0
| 112|0x000000008bc00000, 0x000000008bc00000, 0x000000008bd00000|  0%| F|  |TAMS 0x000000008bc00000| PB 0x000000008bc00000| Untracked |  0
| 113|0x000000008bd00000, 0x000000008bd00000, 0x000000008be00000|  0%| F|  |TAMS 0x000000008bd00000| PB 0x000000008bd00000| Untracked |  0
| 114|0x000000008be00000, 0x000000008be00000, 0x000000008bf00000|  0%| F|  |TAMS 0x000000008be00000| PB 0x000000008be00000| Untracked |  0
| 115|0x000000008bf00000, 0x000000008bf00000, 0x000000008c000000|  0%| F|  |TAMS 0x000000008bf00000| PB 0x000000008bf00000| Untracked |  0
| 116|0x000000008c000000, 0x000000008c000000, 0x000000008c100000|  0%| F|  |TAMS 0x000000008c000000| PB 0x000000008c000000| Untracked |  0
| 117|0x000000008c100000, 0x000000008c100000, 0x000000008c200000|  0%| F|  |TAMS 0x000000008c100000| PB 0x000000008c100000| Untracked |  0
| 118|0x000000008c200000, 0x000000008c300000, 0x000000008c300000|100%| E|  |TAMS 0x000000008c200000| PB 0x000000008c200000| Complete |  0
| 119|0x000000008c300000, 0x000000008c400000, 0x000000008c400000|100%| E|CS|TAMS 0x000000008c300000| PB 0x000000008c300000| Complete |  0
| 120|0x000000008c400000, 0x000000008c500000, 0x000000008c500000|100%| E|CS|TAMS 0x000000008c400000| PB 0x000000008c400000| Complete |  0
| 121|0x000000008c500000, 0x000000008c600000, 0x000000008c600000|100%| E|CS|TAMS 0x000000008c500000| PB 0x000000008c500000| Complete |  0
| 122|0x000000008c600000, 0x000000008c700000, 0x000000008c700000|100%| E|CS|TAMS 0x000000008c600000| PB 0x000000008c600000| Complete |  0
| 123|0x000000008c700000, 0x000000008c800000, 0x000000008c800000|100%| E|CS|TAMS 0x000000008c700000| PB 0x000000008c700000| Complete |  0

Card table byte_map: [0x0000020548200000,0x00000205485e0000] _byte_map_base: 0x0000020547dda000

Marking Bits: (CMBitMap*) 0x0000020532f2f450
 Bits: [0x00000205485e0000, 0x000002054a4b0000)

Polling page: 0x0000020532fa0000

Metaspace:
Metaspace        used 12310K, committed 12480K, reserved 1114112K
 class space     used 1130K, committed 1216K, reserved 1048576K

Usage:
  Non-class:     10.92 MB used.
      Class:      1.10 MB used.
       Both:     12.02 MB used.

Virtual space:
  Non-class space:       64.00 MB reserved,      11.00 MB ( 17%) committed,  1 nodes.
      Class space:        1.00 GB reserved,       1.19 MB ( <1%) committed,  1 nodes.
             Both:        1.06 GB reserved,      12.19 MB (  1%) committed. 

Chunk freelists:
   Non-Class:  4.79 MB
       Class:  14.72 MB
        Both:  19.50 MB

MaxMetaspaceSize: unlimited
CompressedClassSpaceSize: 1.00 GB
Initial GC threshold: 21.00 MB
Current GC threshold: 21.00 MB
CDS: off
 - commit_granule_bytes: 65536.
 - commit_granule_words: 8192.
 - virtual_space_node_default_size: 8388608.
 - enlarge_chunks_in_place: 1.
UseCompressedClassPointers 1, UseCompactObjectHeaders 0
Narrow klass pointer bits 32, Max shift 3
Narrow klass base: 0x0000000000000000, Narrow klass shift: 0
Encoding Range: [0x0000000000000000 - 0x0000000100000000), (4294967296 bytes)
Klass Range:    [0x0000000014000000 - 0x0000000054000000), (1073741824 bytes)
Klass ID Range:  [335544320 - 1409286137) (1073741817)
No protection zone.


Internal statistics:

num_allocs_failed_limit: 0.
num_arena_births: 18.
num_arena_deaths: 0.
num_vsnodes_births: 2.
num_vsnodes_deaths: 0.
num_space_committed: 195.
num_space_uncommitted: 0.
num_chunks_returned_to_freelist: 0.
num_chunks_taken_from_freelist: 60.
num_chunk_merges: 0.
num_chunk_splits: 29.
num_chunks_enlarged: 21.
num_inconsistent_stats: 0.

CodeHeap 'non-profiled nmethods': size=120064Kb used=114Kb max_used=114Kb free=119949Kb
 bounds [0x000002053fe80000, 0x00000205400f0000, 0x00000205473c0000]
CodeHeap 'profiled nmethods': size=120064Kb used=484Kb max_used=484Kb free=119579Kb
 bounds [0x00000205383a0000, 0x0000020538610000, 0x000002053f8e0000]
CodeHeap 'non-nmethods': size=5760Kb used=1453Kb max_used=1453Kb free=4306Kb
 bounds [0x000002053f8e0000, 0x000002053fb50000, 0x000002053fe80000]
CodeCache: size=245888Kb, used=2051Kb, max_used=2051Kb, free=243834Kb
 total_blobs=937, nmethods=468, adapters=372, full_count=0
Compilation: enabled, stopped_count=0, restarted_count=0

Compilation events (20 events):
Event: 0.240 Thread 0x000002054cf77d00 nmethod 300 0x00000205383e3708 code [0x00000205383e3800, 0x00000205383e3958]
Event: 0.240 Thread 0x000002054cf77d00  301       3       java.lang.String::codePointAt (50 bytes)
Event: 0.240 Thread 0x000002054cf77d00 nmethod 301 0x00000205383e3a08 code [0x00000205383e3b00, 0x00000205383e3fb8]
Event: 0.240 Thread 0x000002054cf77d00  302       3       java.util.regex.Pattern::next (33 bytes)
Event: 0.240 Thread 0x000002054cf77d00 nmethod 302 0x00000205383e4008 code [0x00000205383e4100, 0x00000205383e4350]
Event: 0.240 Thread 0x000002054cf77d00  303       3       java.util.regex.Pattern::peek (26 bytes)
Event: 0.240 Thread 0x000002054cf77d00 nmethod 303 0x00000205383e4388 code [0x00000205383e4480, 0x00000205383e46d0]
Event: 0.240 Thread 0x000002054cf77d00  304       3       java.util.regex.Pattern::append (43 bytes)
Event: 0.241 Thread 0x000002054cf77d00 nmethod 304 0x00000205383e4708 code [0x00000205383e4800, 0x00000205383e4bc0]
Event: 0.241 Thread 0x000002054cf77d00  298       3       java.lang.ref.Reference::refersToImpl (6 bytes)
Event: 0.241 Thread 0x000002054cf77d00 nmethod 298 0x00000205383e4c08 code [0x00000205383e4d00, 0x00000205383e4e38]
Event: 0.241 Thread 0x000002054cf77d00  299       3       java.lang.ThreadLocal::get (35 bytes)
Event: 0.241 Thread 0x000002054cf77d00 nmethod 299 0x00000205383e4f08 code [0x00000205383e5000, 0x00000205383e5538]
Event: 0.243 Thread 0x000002054cf77d00  305       3       java.util.ArrayList::add (25 bytes)
Event: 0.243 Thread 0x000002054cf77d00 nmethod 305 0x00000205383e5588 code [0x00000205383e5680, 0x00000205383e5a58]
Event: 0.243 Thread 0x000002054cf77d00  306       3       java.util.ArrayList::add (23 bytes)
Event: 0.243 Thread 0x000002054cf77d00 nmethod 306 0x00000205383e5a88 code [0x00000205383e5b80, 0x00000205383e5ee0]
Event: 0.243 Thread 0x000002054cf77d00  307       3       java.lang.ThreadLocal::get (8 bytes)
Event: 0.243 Thread 0x000002054cf77d00 nmethod 307 0x00000205383e5f08 code [0x00000205383e6000, 0x00000205383e6150]
Event: 0.244 Thread 0x000002054cf77d00  309       3       java.lang.ref.Reference::<init> (25 bytes)

GC Heap Usage History (0 events):
No events

Metaspace Usage History (0 events):
No events

Dll operation events (4 events):
Event: 0.006 Attempting to load shared library D:\Program Files\IntelliJ IDEA 2026.2.3\jbr\bin\java.dll
Event: 0.007 Loaded shared library D:\Program Files\IntelliJ IDEA 2026.2.3\jbr\bin\java.dll
Event: 0.022 Attempting to load shared library D:\Program Files\IntelliJ IDEA 2026.2.3\jbr\bin\zip.dll
Event: 0.022 Loaded shared library D:\Program Files\IntelliJ IDEA 2026.2.3\jbr\bin\zip.dll

Deoptimization events (0 events):
No events

Classes loaded (20 events):
Event: 0.243 Loading class sun/security/ssl/SSLCipher$T13GcmReadCipherGenerator
Event: 0.243 Loading class sun/security/ssl/SSLCipher$T13GcmReadCipherGenerator done
Event: 0.243 Loading class sun/security/ssl/SSLCipher$T13GcmWriteCipherGenerator
Event: 0.243 Loading class sun/security/ssl/SSLCipher$T13GcmWriteCipherGenerator done
Event: 0.243 Loading class sun/security/ssl/SSLCipher$T12CC20P1305ReadCipherGenerator
Event: 0.243 Loading class sun/security/ssl/SSLCipher$T12CC20P1305ReadCipherGenerator done
Event: 0.243 Loading class sun/security/ssl/SSLCipher$T13CC20P1305ReadCipherGenerator
Event: 0.243 Loading class sun/security/ssl/SSLCipher$T13CC20P1305ReadCipherGenerator done
Event: 0.243 Loading class sun/security/ssl/SSLCipher$T12CC20P1305WriteCipherGenerator
Event: 0.243 Loading class sun/security/ssl/SSLCipher$T12CC20P1305WriteCipherGenerator done
Event: 0.243 Loading class sun/security/ssl/SSLCipher$T13CC20P1305WriteCipherGenerator
Event: 0.243 Loading class sun/security/ssl/SSLCipher$T13CC20P1305WriteCipherGenerator done
Event: 0.243 Loading class com/sun/crypto/provider/ChaCha20Cipher$ChaCha20Poly1305
Event: 0.243 Loading class com/sun/crypto/provider/ChaCha20Cipher
Event: 0.244 Loading class com/sun/crypto/provider/ChaCha20Cipher done
Event: 0.244 Loading class com/sun/crypto/provider/ChaCha20Cipher$ChaCha20Poly1305 done
Event: 0.244 Loading class java/lang/invoke/VarHandleByteArrayAsInts$ArrayHandle
Event: 0.244 Loading class java/lang/invoke/VarHandleByteArrayAsInts$ByteArrayViewVarHandle
Event: 0.244 Loading class java/lang/invoke/VarHandleByteArrayAsInts$ByteArrayViewVarHandle done
Event: 0.244 Loading class java/lang/invoke/VarHandleByteArrayAsInts$ArrayHandle done

Classes unloaded (0 events):
No events

Classes redefined (0 events):
No events

Internal exceptions (1 events):
Event: 0.225 Thread 0x0000020532bdf840 Exception <a 'sun/nio/fs/WindowsException'{0x000000008c4ac080}> (0x000000008c4ac080) 
thrown [s\src\hotspot\share\prims\jni.cpp, line 535]

VM Operations (4 events):
Event: 0.129 Executing non-safepoint VM operation: HandshakeAllThreads (Deoptimize)
Event: 0.129 Executing non-safepoint VM operation: HandshakeAllThreads (Deoptimize) done
Event: 0.161 Executing non-safepoint VM operation: HandshakeAllThreads (Deoptimize)
Event: 0.161 Executing non-safepoint VM operation: HandshakeAllThreads (Deoptimize) done

Memory protections (0 events):
No events

Nmethod flushes (0 events):
No events

Events (18 events):
Event: 0.019 Thread 0x0000020532bdf840 Thread added: 0x0000020532bdf840
Event: 0.055 Thread 0x0000020532bdf840 JVMTI - enter early start phase
Event: 0.075 Thread 0x0000020532bdf840 Thread added: 0x000002054cf54f70
Event: 0.080 Thread 0x0000020532bdf840 Thread added: 0x000002054cf56790
Event: 0.081 Thread 0x0000020532bdf840 Thread added: 0x000002054d0f0080
Event: 0.081 Thread 0x0000020532bdf840 Thread added: 0x000002054d0fff30
Event: 0.081 Thread 0x0000020532bdf840 Thread added: 0x000002054d0f44d0
Event: 0.081 Thread 0x0000020532bdf840 Thread added: 0x000002054cf6cb90
Event: 0.081 Thread 0x0000020532bdf840 Thread added: 0x000002054cf722d0
Event: 0.081 Thread 0x0000020532bdf840 Thread added: 0x000002054cf74570
Event: 0.081 Thread 0x0000020532bdf840 Thread added: 0x000002054cf77d00
Event: 0.106 Thread 0x0000020532bdf840 JVMTI - enter start phase
Event: 0.106 Thread 0x0000020532bdf840 JVMTI - enter live phase
Event: 0.106 Thread 0x0000020532bdf840 Thread added: 0x000002054d2510e0
Event: 0.116 Loaded shared library D:\Program Files\IntelliJ IDEA 2026.2.3\jbr\bin\net.dll
Event: 0.118 Loaded shared library D:\Program Files\IntelliJ IDEA 2026.2.3\jbr\bin\nio.dll
Event: 0.126 Loaded shared library D:\Program Files\IntelliJ IDEA 2026.2.3\jbr\bin\zip.dll
Event: 0.233 Loaded shared library D:\Program Files\IntelliJ IDEA 2026.2.3\jbr\bin\jimage.dll


Dynamic libraries:
0x00007ff74b2a0000 - 0x00007ff74b2aa000 	D:\Program Files\IntelliJ IDEA 2026.2.3\jbr\bin\java.exe
0x00007fff83e60000 - 0x00007fff840c6000 	C:\WINDOWS\SYSTEM32\ntdll.dll
0x00007fff825f0000 - 0x00007fff826b9000 	C:\WINDOWS\System32\KERNEL32.DLL
0x00007fff816c0000 - 0x00007fff81abf000 	C:\WINDOWS\System32\KERNELBASE.dll
0x00007fff81560000 - 0x00007fff816ac000 	C:\WINDOWS\System32\ucrtbase.dll
0x00007fff7dd20000 - 0x00007fff7dd3e000 	D:\Program Files\IntelliJ IDEA 2026.2.3\jbr\bin\VCRUNTIME140.dll
0x00007fff2ec00000 - 0x00007fff2ec17000 	D:\Program Files\IntelliJ IDEA 2026.2.3\jbr\bin\jli.dll
0x00007fff82f40000 - 0x00007fff83106000 	C:\WINDOWS\System32\USER32.dll
0x00007fff814a0000 - 0x00007fff814c7000 	C:\WINDOWS\System32\win32u.dll
0x00007fff6c9e0000 - 0x00007fff6cc71000 	C:\WINDOWS\WinSxS\amd64_microsoft.windows.common-controls_6595b64144ccf1df_6.0.26100.8972_none_3e0da176e32f9d4b\COMCTL32.dll
0x00007fff825c0000 - 0x00007fff825eb000 	C:\WINDOWS\System32\GDI32.dll
0x00007fff836e0000 - 0x00007fff83789000 	C:\WINDOWS\System32\msvcrt.dll
0x00007fff81370000 - 0x00007fff81499000 	C:\WINDOWS\System32\gdi32full.dll
0x00007fff81070000 - 0x00007fff81113000 	C:\WINDOWS\System32\msvcp_win.dll
0x00007fff81d40000 - 0x00007fff81d72000 	C:\WINDOWS\System32\IMM32.DLL
0x00007fff7bfe0000 - 0x00007fff7bfec000 	D:\Program Files\IntelliJ IDEA 2026.2.3\jbr\bin\vcruntime140_1.dll
0x00007fff5bac0000 - 0x00007fff5bb49000 	D:\Program Files\IntelliJ IDEA 2026.2.3\jbr\bin\msvcp140.dll
0x00007fff0c7f0000 - 0x00007fff0d74b000 	D:\Program Files\IntelliJ IDEA 2026.2.3\jbr\bin\server\jvm.dll
0x00007fff82e70000 - 0x00007fff82f2c000 	C:\WINDOWS\System32\ADVAPI32.dll
0x00007fff81d80000 - 0x00007fff81e2a000 	C:\WINDOWS\System32\sechost.dll
0x00007fff83220000 - 0x00007fff83338000 	C:\WINDOWS\System32\RPCRT4.dll
0x00007fff828e0000 - 0x00007fff82962000 	C:\WINDOWS\System32\WS2_32.dll
0x00007fff80ed0000 - 0x00007fff80f2e000 	C:\WINDOWS\SYSTEM32\POWRPROF.dll
0x00007fff64270000 - 0x00007fff642a6000 	C:\WINDOWS\SYSTEM32\WINMM.dll
0x00007fff716b0000 - 0x00007fff716bb000 	C:\WINDOWS\SYSTEM32\VERSION.dll
0x00007fff80eb0000 - 0x00007fff80ec5000 	C:\WINDOWS\SYSTEM32\UMPDC.dll
0x00007fff7fd60000 - 0x00007fff7fd7b000 	C:\WINDOWS\SYSTEM32\kernel.appcore.dll
0x00007fff798b0000 - 0x00007fff798ba000 	D:\Program Files\IntelliJ IDEA 2026.2.3\jbr\bin\jimage.dll
0x00007fff69e80000 - 0x00007fff6a0c2000 	C:\WINDOWS\SYSTEM32\DBGHELP.DLL
0x00007fff83340000 - 0x00007fff836c5000 	C:\WINDOWS\System32\combase.dll
0x00007fff83110000 - 0x00007fff831e9000 	C:\WINDOWS\System32\OLEAUT32.dll
0x00007fff55190000 - 0x00007fff551cb000 	C:\WINDOWS\SYSTEM32\dbgcore.DLL
0x00007fff81120000 - 0x00007fff811cc000 	C:\WINDOWS\System32\bcryptPrimitives.dll
0x00007fff74ca0000 - 0x00007fff74cbf000 	D:\Program Files\IntelliJ IDEA 2026.2.3\jbr\bin\java.dll
0x00007fff81b90000 - 0x00007fff81d29000 	C:\WINDOWS\System32\ole32.dll
0x00007fff81e30000 - 0x00007fff825b8000 	C:\WINDOWS\System32\SHELL32.dll
0x00007fff74a10000 - 0x00007fff74a26000 	D:\Program Files\IntelliJ IDEA 2026.2.3\jbr\bin\zip.dll
0x00007fff7eb20000 - 0x00007fff7f3bb000 	C:\WINDOWS\SYSTEM32\windows.storage.dll
0x00007fff83c20000 - 0x00007fff83d19000 	C:\WINDOWS\System32\SHCORE.dll
0x00007fff829f0000 - 0x00007fff82a56000 	C:\WINDOWS\System32\shlwapi.dll
0x00007fff80f90000 - 0x00007fff80fb9000 	C:\WINDOWS\SYSTEM32\profapi.dll
0x00007fff742d0000 - 0x00007fff742e2000 	D:\Program Files\IntelliJ IDEA 2026.2.3\jbr\bin\net.dll
0x00007fff80310000 - 0x00007fff8037c000 	C:\WINDOWS\system32\mswsock.dll
0x00007fff74090000 - 0x00007fff740a6000 	D:\Program Files\IntelliJ IDEA 2026.2.3\jbr\bin\nio.dll
0x00007fff80600000 - 0x00007fff8061b000 	C:\WINDOWS\SYSTEM32\CRYPTSP.dll
0x00007fff7fcc0000 - 0x00007fff7fcf9000 	C:\WINDOWS\system32\rsaenh.dll
0x00007fff803c0000 - 0x00007fff803f2000 	C:\WINDOWS\SYSTEM32\USERENV.dll
0x00007fff80f60000 - 0x00007fff80f8a000 	C:\WINDOWS\SYSTEM32\bcrypt.dll
0x00007fff80620000 - 0x00007fff8062c000 	C:\WINDOWS\SYSTEM32\CRYPTBASE.dll
0x00007fff7f760000 - 0x00007fff7f793000 	C:\WINDOWS\SYSTEM32\IPHLPAPI.DLL
0x00007fff83210000 - 0x00007fff8321a000 	C:\WINDOWS\System32\NSI.dll

JVMTI agents: none

dbghelp: loaded successfully - version: 4.0.5 - missing functions: none
symbol engine: initialized successfully - sym options: 0x614 - pdb path: .;D:\Program Files\IntelliJ IDEA 2026.2.3\jbr\bin;C:\WINDOWS\SYSTEM32;C:\WINDOWS\WinSxS\amd64_microsoft.windows.common-controls_6595b64144ccf1df_6.0.26100.8972_none_3e0da176e32f9d4b;D:\Program Files\IntelliJ IDEA 2026.2.3\jbr\bin\server

VM Arguments:
java_command: git4idea.http.GitAskPassApp Username for 'https://github.com': 
java_class_path (initial): D:/Program Files/IntelliJ IDEA 2026.2.3/plugins/vcs-git/lib/git4idea-rt.jar;D:/Program Files/IntelliJ IDEA 2026.2.3/lib/externalProcess-rt.jar
Launcher Type: SUN_STANDARD

[Global flags]
     intx CICompilerCount                          = 4                                         {product} {ergonomic}
     uint ConcGCThreads                            = 2                                         {product} {ergonomic}
     uint G1ConcRefinementThreads                  = 8                                         {product} {ergonomic}
   size_t G1HeapRegionSize                         = 1048576                                   {product} {ergonomic}
   size_t InitialHeapSize                          = 130023424                                 {product} {ergonomic}
   size_t MarkStackSize                            = 4194304                                   {product} {ergonomic}
   size_t MarkStackSizeMax                         = 536870912                                 {product} {ergonomic}
   size_t MaxHeapSize                              = 2067791872                                {product} {ergonomic}
   size_t MaxNewSize                               = 1240465408                                {product} {ergonomic}
   size_t MinHeapDeltaBytes                        = 1048576                                   {product} {ergonomic}
   size_t MinHeapSize                              = 8388608                                   {product} {ergonomic}
    uintx NonNMethodCodeHeapSize                   = 5898240                                {pd product} {ergonomic}
    uintx NonProfiledCodeHeapSize                  = 122945536                              {pd product} {ergonomic}
    uintx ProfiledCodeHeapSize                     = 122945536                              {pd product} {ergonomic}
    uintx ReservedCodeCacheSize                    = 251789312                              {pd product} {ergonomic}
     bool SegmentedCodeCache                       = true                                      {product} {ergonomic}
   size_t SoftMaxHeapSize                          = 2067791872                             {manageable} {ergonomic}
     bool UseCompressedOops                        = true                           {product lp64_product} {ergonomic}
     bool UseG1GC                                  = true                                      {product} {ergonomic}
     bool UseLargePagesIndividualAllocation        = false                                  {pd product} {ergonomic}

Logging:
Log output configuration:
 #0: stdout all=warning uptime,level,tags foldmultilines=false
 #1: stderr all=off uptime,level,tags foldmultilines=false

Release file:
JAVA_VERSION="25.0.4" 
MODULES="java.base java.compiler java.datatransfer java.xml java.prefs java.desktop java.instrument java.logging java.management java.security.sasl java.naming java.rmi java.management.rmi java.net.http java.scripting java.security.jgss java.transaction.xa java.sql java.sql.rowset java.xml.crypto java.se java.smartcardio jdk.accessibility jdk.internal.jvmstat jdk.attach jdk.charsets jdk.internal.opt jdk.zipfs jdk.compiler jdk.crypto.cryptoki jdk.crypto.ec jdk.crypto.mscapi jdk.dynalink jdk.hotspot.agent jdk.httpserver jdk.internal.ed jdk.internal.le jdk.internal.md jdk.internal.vm.ci jdk.javadoc jdk.jcmd jdk.jdwp.agent jdk.jdi jdk.jfr jdk.localedata jdk.management jdk.management.agent jdk.management.jfr jdk.naming.dns jdk.naming.rmi jdk.net jdk.sctp jdk.security.auth jdk.security.jgss jdk.unsupported jdk.unsupported.desktop jdk.xml.dom" 
IMPLEMENTOR="JetBrains s.r.o." 
IMPLEMENTOR_VERSION="JBR-25.0.4+1-508.27-nomod" 
JAVA_RUNTIME_VERSION="25.0.4+1-b508.27" 
LIBC="default" 
OS_ARCH="x86_64" 
OS_NAME="Windows" 
SOURCE=".:git:4af5e1194b7f+" 

Environment Variables:
JAVA_HOME=C:\Program Files\Eclipse Adoptium\jdk-25.0.2.10-hotspot
PATH=C:/Git/mingw64/libexec/git-core;C:/Git/mingw64/libexec/git-core;C:\Git\mingw64\bin;C:\Git\usr\bin;C:\Users\21621\bin;C:\Program Files\Eclipse Adoptium\jdk-25.0.2.10-hotspot\bin;C:\Program Files\Microsoft\jdk-17.0.18.8-hotspot\bin;C:\Program Files (x86)\VMware\VMware Workstation\bin\;C:\oraclexe\app\oracle\product\11.2.0\server\bin;C:\WINDOWS\system32;C:\WINDOWS;C:\WINDOWS\System32\Wbem;%C:\xampp\php;SYSTEMROOT%\System32\WindowsPowerShell\v1.0\;C:\WINDOWS\System32\OpenSSH\;C:\instantclient;C:\oraclexe\app\oracle\admin\XE;C:\oraclexe;C:\Git\cmd;C:\WINDOWS\System32\WindowsPowerShell\v1.0\;C:\composer;C:\Program Files\dotnet\;C:\xampp\php;D:\cygwin64\bin;C:\Program Files (x86)\VMware\VMware Workstation\bin\;C:\oraclexe\app\oracle\product\11.2.0\server\bin;C:\WINDOWS\system32;C:\WINDOWS;C:\WINDOWS\System32\Wbem;%C:\xampp\php;SYSTEMROOT%\System32\WindowsPowerShell\v1.0\;C:\WINDOWS\System32\OpenSSH\;C:\instantclient;C:\oraclexe\app\oracle\admin\XE;C:\oraclexe;C:\Git\cmd;C:\WINDOWS\System32\WindowsPowerShell\v1.0\;C:\composer;C:\Users\21621\scoop\shims;C:\Users\21621\AppData\Local\Microsoft\WindowsApps;C:\Users\21621\AppData\Local\Programs\Microsoft VS Code\bin;C:\Users\21621\AppData\Local\ComposerSetup\bin;C:\Users\21621\AppData\Roaming\Composer\vendor\bin;C:\Users\21621\.tools\apache-maven-3.9.12\bin;C:\Users\21621\.dotnet\tools;C:\Users\21621\AppData\Local\Programs\Windsurf\bin;D:\Users\21621\AppData\Local\Programs\Kiro\bin;C:\Users\21621\AppData\Local\Kingsoft\WPS Office\12.1.0.27458\clitool
USERNAME=USER
DISPLAY=:0.0
LC_ALL=en_US.UTF-8
TERM=xterm-256color
TMPDIR=C:\Users\21621\AppData\Local\Temp
OS=Windows_NT
PROCESSOR_IDENTIFIER=Intel64 Family 6 Model 140 Stepping 1, GenuineIntel
TMP=C:\Users\21621\AppData\Local\Temp
TEMP=C:\Users\21621\AppData\Local\Temp




Compilation memory statistics disabled.

Periodic native trim disabled

JNI global refs:
JNI global refs: 18, weak refs: 0

JNI global refs memory usage: 835, weak refs: 201

Process memory usage:
Resident Set Size: 58208K (0% of 8072748K total physical memory with 302864K free physical memory)

OOME stack traces (most recent first):
Classloader memory used:
Loader bootstrap                                                                       : 12206 K
Loader jdk.internal.loader.ClassLoaders$PlatformClassLoader                            : 233 K
Loader jdk.internal.loader.ClassLoaders$AppClassLoader                                 : 25888 B

---------------  S Y S T E M  ---------------

OS:
 Windows 11 , 64 bit Build 26100 (10.0.26100.9168)
OS uptime: 1 days 0:04 hours
Hyper-V role detected

CPU: total 8 (initial active 8) (4 cores per cpu, 2 threads per core) family 6 model 140 stepping 1 microcode 0xa4, cx8, cmov, fxsr, ht, mmx, 3dnowpref, sse, sse2, sse3, ssse3, sse4.1, sse4.2, popcnt, lzcnt, tsc, tscinvbit, avx, avx2, aes, erms, clmul, bmi1, bmi2, adx, avx512f, avx512dq, avx512cd, avx512bw, avx512vl, sha, fma, vzeroupper, avx512_vpopcntdq, avx512_vpclmulqdq, avx512_vaes, avx512_vnni, clflush, clflushopt, clwb, avx512_vbmi2, avx512_vbmi, hv, rdtscp, rdpid, fsrm, gfni, avx512_bitalg, f16c, cet_ibt, cet_ss, avx512_ifma
Processor Information for processor 0
  Max Mhz: 3302, Current Mhz: 3302, Mhz Limit: 3302
Processor Information for processor 1
  Max Mhz: 3302, Current Mhz: 3302, Mhz Limit: 3302
Processor Information for processor 2
  Max Mhz: 3302, Current Mhz: 3302, Mhz Limit: 3302
Processor Information for processor 3
  Max Mhz: 3302, Current Mhz: 3302, Mhz Limit: 3302
Processor Information for processor 4
  Max Mhz: 3302, Current Mhz: 3302, Mhz Limit: 3302
Processor Information for processor 5
  Max Mhz: 3302, Current Mhz: 3302, Mhz Limit: 3302
Processor Information for processor 6
  Max Mhz: 3302, Current Mhz: 1200, Mhz Limit: 3302
Processor Information for processor 7
  Max Mhz: 3302, Current Mhz: 3302, Mhz Limit: 3302

Memory: 4k page, system-wide physical 7883M (295M free)
TotalPageFile size 14710M (AvailPageFile size 4M)
current process WorkingSet (physical memory assigned to process): 57M, peak: 57M
current process commit charge ("private bytes"): 210M, peak: 216M

vm_info: OpenJDK 64-Bit Server VM (25.0.4+1-b508.27) for windows-amd64 JRE (25.0.4+1-b508.27), built on 2026-07-30 with MS VC++ 17.14 (VS2022)

END.
